2026-03-23 07:12:12,266 INFO  [background-preinit] org.hibernate.validator.internal.util.Version:<clinit>:21 - HV000001: Hibernate Validator 6.2.4.Final
2026-03-23 07:12:12,296 INFO  [main] com.example.quiz_project.QuizProjectApplication:logStarting:55 - Starting QuizProjectApplication v0.0.1-SNAPSHOT using Java 17.0.18 on ip-172-31-26-21 with PID 1209 (/home/ubuntu/QuizPal/target/Quiz_project-0.0.1-SNAPSHOT.jar started by ubuntu in /home/ubuntu/QuizPal)
2026-03-23 07:12:12,300 INFO  [main] com.example.quiz_project.QuizProjectApplication:logStartupProfileInfo:634 - No active profile set, falling back to 1 default profile: "default"
2026-03-23 07:12:13,801 INFO  [main] org.springframework.data.repository.config.RepositoryConfigurationDelegate:registerRepositoriesIn:132 - Bootstrapping Spring Data JDBC repositories in DEFAULT mode.
2026-03-23 07:12:13,832 INFO  [main] org.springframework.data.repository.config.RepositoryConfigurationDelegate:registerRepositoriesIn:201 - Finished Spring Data repository scanning in 25 ms. Found 0 JDBC repository interfaces.
2026-03-23 07:12:14,843 INFO  [main] org.springframework.boot.web.embedded.tomcat.TomcatWebServer:initialize:108 - Tomcat initialized with port(s): 8080 (http)
2026-03-23 07:12:14,860 INFO  [main] org.apache.coyote.http11.Http11NioProtocol:log:173 - Initializing ProtocolHandler ["http-nio-8080"]
2026-03-23 07:12:14,861 INFO  [main] org.apache.catalina.core.StandardService:log:173 - Starting service [Tomcat]
2026-03-23 07:12:14,861 INFO  [main] org.apache.catalina.core.StandardEngine:log:173 - Starting Servlet engine: [Apache Tomcat/9.0.65]
2026-03-23 07:12:15,339 INFO  [main] org.apache.jasper.servlet.TldScanner:log:173 - At least one JAR was scanned for TLDs yet contained no TLDs. Enable debug logging for this logger for a complete list of JARs that were scanned but no TLDs were found in them. Skipping unneeded JARs during scanning can improve startup time and JSP compilation time.
2026-03-23 07:12:15,644 INFO  [main] org.apache.catalina.core.ContainerBase.[Tomcat].[localhost].[/]:log:173 - Initializing Spring embedded WebApplicationContext
2026-03-23 07:12:15,646 INFO  [main] org.springframework.boot.web.servlet.context.ServletWebServerApplicationContext:prepareWebApplicationContext:292 - Root WebApplicationContext: initialization completed in 3206 ms
2026-03-23 07:12:17,742 INFO  [main] org.apache.coyote.http11.Http11NioProtocol:log:173 - Starting ProtocolHandler ["http-nio-8080"]
2026-03-23 07:12:17,798 INFO  [main] org.springframework.boot.web.embedded.tomcat.TomcatWebServer:start:220 - Tomcat started on port(s): 8080 (http) with context path ''
2026-03-23 07:12:17,821 INFO  [main] com.example.quiz_project.QuizProjectApplication:logStarted:61 - Started QuizProjectApplication in 6.566 seconds (JVM running for 7.465)
2026-03-23 07:12:23,241 INFO  [http-nio-8080-exec-1] org.apache.catalina.core.ContainerBase.[Tomcat].[localhost].[/]:log:173 - Initializing Spring DispatcherServlet 'dispatcherServlet'
2026-03-23 07:12:23,242 INFO  [http-nio-8080-exec-1] org.springframework.web.servlet.DispatcherServlet:initServletBean:525 - Initializing Servlet 'dispatcherServlet'
2026-03-23 07:12:23,247 INFO  [http-nio-8080-exec-1] org.springframework.web.servlet.DispatcherServlet:initServletBean:547 - Completed initialization in 5 ms
2026-03-23 07:18:53,320 INFO  [background-preinit] org.hibernate.validator.internal.util.Version:<clinit>:21 - HV000001: Hibernate Validator 6.2.4.Final
2026-03-23 07:18:53,346 INFO  [main] com.example.quiz_project.QuizProjectApplication:logStarting:55 - Starting QuizProjectApplication v0.0.1-SNAPSHOT using Java 17.0.18 on ip-172-31-26-21 with PID 1286 (/home/ubuntu/QuizPal/target/Quiz_project-0.0.1-SNAPSHOT.jar started by ubuntu in /home/ubuntu/QuizPal)
2026-03-23 07:18:53,349 INFO  [main] com.example.quiz_project.QuizProjectApplication:logStartupProfileInfo:634 - No active profile set, falling back to 1 default profile: "default"
2026-03-23 07:18:55,086 INFO  [main] org.springframework.data.repository.config.RepositoryConfigurationDelegate:registerRepositoriesIn:132 - Bootstrapping Spring Data JDBC repositories in DEFAULT mode.
2026-03-23 07:18:55,120 INFO  [main] org.springframework.data.repository.config.RepositoryConfigurationDelegate:registerRepositoriesIn:201 - Finished Spring Data repository scanning in 24 ms. Found 0 JDBC repository interfaces.
2026-03-23 07:18:56,274 INFO  [main] org.springframework.boot.web.embedded.tomcat.TomcatWebServer:initialize:108 - Tomcat initialized with port(s): 8080 (http)
2026-03-23 07:18:56,291 INFO  [main] org.apache.coyote.http11.Http11NioProtocol:log:173 - Initializing ProtocolHandler ["http-nio-8080"]
2026-03-23 07:18:56,294 INFO  [main] org.apache.catalina.core.StandardService:log:173 - Starting service [Tomcat]
2026-03-23 07:18:56,295 INFO  [main] org.apache.catalina.core.StandardEngine:log:173 - Starting Servlet engine: [Apache Tomcat/9.0.65]
2026-03-23 07:18:56,859 INFO  [main] org.apache.jasper.servlet.TldScanner:log:173 - At least one JAR was scanned for TLDs yet contained no TLDs. Enable debug logging for this logger for a complete list of JARs that were scanned but no TLDs were found in them. Skipping unneeded JARs during scanning can improve startup time and JSP compilation time.
2026-03-23 07:18:57,165 INFO  [main] org.apache.catalina.core.ContainerBase.[Tomcat].[localhost].[/]:log:173 - Initializing Spring embedded WebApplicationContext
2026-03-23 07:18:57,166 INFO  [main] org.springframework.boot.web.servlet.context.ServletWebServerApplicationContext:prepareWebApplicationContext:292 - Root WebApplicationContext: initialization completed in 3643 ms
2026-03-23 07:18:59,334 INFO  [main] org.apache.coyote.http11.Http11NioProtocol:log:173 - Starting ProtocolHandler ["http-nio-8080"]
2026-03-23 07:18:59,383 INFO  [main] org.springframework.boot.web.embedded.tomcat.TomcatWebServer:start:220 - Tomcat started on port(s): 8080 (http) with context path ''
2026-03-23 07:18:59,399 INFO  [main] com.example.quiz_project.QuizProjectApplication:logStarted:61 - Started QuizProjectApplication in 7.143 seconds (JVM running for 8.123)
2026-03-23 07:18:59,801 INFO  [http-nio-8080-exec-1] org.apache.catalina.core.ContainerBase.[Tomcat].[localhost].[/]:log:173 - Initializing Spring DispatcherServlet 'dispatcherServlet'
2026-03-23 07:18:59,802 INFO  [http-nio-8080-exec-1] org.springframework.web.servlet.DispatcherServlet:initServletBean:525 - Initializing Servlet 'dispatcherServlet'
2026-03-23 07:18:59,805 INFO  [http-nio-8080-exec-1] org.springframework.web.servlet.DispatcherServlet:initServletBean:547 - Completed initialization in 3 ms
2026-03-23 07:20:03,927 INFO  [http-nio-8080-exec-4] com.example.quiz_project.controller.QuizController:quizDetails:85 - qclist [QuestionChoice(questionId=11, description=What is 15 + 27?, userChoice=41, choiceList=[Choice(choice_id=41, question_id=11, choice_description=42, is_correct=1), Choice(choice_id=42, question_id=11, choice_description=38, is_correct=0), Choice(choice_id=43, question_id=11, choice_description=45, is_correct=0), Choice(choice_id=44, question_id=11, choice_description=40, is_correct=0)]), QuestionChoice(questionId=24, description=What is 8 × 9?, userChoice=93, choiceList=[Choice(choice_id=93, question_id=24, choice_description=72, is_correct=1), Choice(choice_id=94, question_id=24, choice_description=81, is_correct=0), Choice(choice_id=95, question_id=24, choice_description=63, is_correct=0), Choice(choice_id=96, question_id=24, choice_description=90, is_correct=0)]), QuestionChoice(questionId=26, description=What is 25% of 80?, userChoice=101, choiceList=[Choice(choice_id=101, question_id=26, choice_description=20, is_correct=1), Choice(choice_id=102, question_id=26, choice_description=25, is_correct=0), Choice(choice_id=103, question_id=26, choice_description=15, is_correct=0), Choice(choice_id=104, question_id=26, choice_description=30, is_correct=0)]), QuestionChoice(questionId=33, description=What is 3/4 + 1/2?, userChoice=129, choiceList=[Choice(choice_id=129, question_id=33, choice_description=1.25, is_correct=1), Choice(choice_id=130, question_id=33, choice_description=1.5, is_correct=0), Choice(choice_id=131, question_id=33, choice_description=0.75, is_correct=0), Choice(choice_id=132, question_id=33, choice_description=1.0, is_correct=0)]), QuestionChoice(questionId=39, description=What is 2/5 of 50?, userChoice=153, choiceList=[Choice(choice_id=153, question_id=39, choice_description=20, is_correct=1), Choice(choice_id=154, question_id=39, choice_description=25, is_correct=0), Choice(choice_id=155, question_id=39, choice_description=15, is_correct=0), Choice(choice_id=156, question_id=39, choice_description=10, is_correct=0)])]
2026-03-23 07:21:08,718 INFO  [http-nio-8080-exec-2] com.example.quiz_project.controller.QuizController:quizDetails:85 - qclist [QuestionChoice(questionId=14, description=What is the chemical symbol for gold?, userChoice=53, choiceList=[Choice(choice_id=53, question_id=14, choice_description=12, is_correct=1), Choice(choice_id=54, question_id=14, choice_description=14, is_correct=0), Choice(choice_id=55, question_id=14, choice_description=10, is_correct=0), Choice(choice_id=56, question_id=14, choice_description=16, is_correct=0)]), QuestionChoice(questionId=43, description=What is the speed of light?, userChoice=172, choiceList=[Choice(choice_id=169, question_id=43, choice_description=299,792,458 m/s, is_correct=1), Choice(choice_id=170, question_id=43, choice_description=150,000,000 m/s, is_correct=0), Choice(choice_id=171, question_id=43, choice_description=1,000,000 m/s, is_correct=0), Choice(choice_id=172, question_id=43, choice_description=3,000,000 m/s, is_correct=0)]), QuestionChoice(questionId=52, description=What is the largest bone in the human body?, userChoice=208, choiceList=[Choice(choice_id=205, question_id=52, choice_description=Femur, is_correct=1), Choice(choice_id=206, question_id=52, choice_description=Humerus, is_correct=0), Choice(choice_id=207, question_id=52, choice_description=Tibia, is_correct=0), Choice(choice_id=208, question_id=52, choice_description=Skull, is_correct=0)]), QuestionChoice(questionId=53, description=What is the process of water moving through a plant called?, userChoice=209, choiceList=[Choice(choice_id=209, question_id=53, choice_description=Transpiration, is_correct=1), Choice(choice_id=210, question_id=53, choice_description=Photosynthesis, is_correct=0), Choice(choice_id=211, question_id=53, choice_description=Respiration, is_correct=0), Choice(choice_id=212, question_id=53, choice_description=Germination, is_correct=0)]), QuestionChoice(questionId=57, description=What is the main gas in the air we breathe?, userChoice=226, choiceList=[Choice(choice_id=225, question_id=57, choice_description=Nitrogen, is_correct=1), Choice(choice_id=226, question_id=57, choice_description=Oxygen, is_correct=0), Choice(choice_id=227, question_id=57, choice_description=Carbon Dioxide, is_correct=0), Choice(choice_id=228, question_id=57, choice_description=Hydrogen, is_correct=0)])]
2026-03-23 07:22:42,884 INFO  [http-nio-8080-exec-3] com.example.quiz_project.controller.QuizController:quizDetails:85 - qclist [QuestionChoice(questionId=3, description=What is the chemical symbol for water?, userChoice=9, choiceList=[Choice(choice_id=9, question_id=3, choice_description=H2O, is_correct=1), Choice(choice_id=10, question_id=3, choice_description=CO2, is_correct=0), Choice(choice_id=11, question_id=3, choice_description=O2, is_correct=0), Choice(choice_id=12, question_id=3, choice_description=N2, is_correct=0)]), QuestionChoice(questionId=14, description=What is the chemical symbol for gold?, userChoice=54, choiceList=[Choice(choice_id=53, question_id=14, choice_description=12, is_correct=1), Choice(choice_id=54, question_id=14, choice_description=14, is_correct=0), Choice(choice_id=55, question_id=14, choice_description=10, is_correct=0), Choice(choice_id=56, question_id=14, choice_description=16, is_correct=0)]), QuestionChoice(questionId=45, description=What is photosynthesis?, userChoice=177, choiceList=[Choice(choice_id=177, question_id=45, choice_description=Process by which plants make food using sunlight, is_correct=1), Choice(choice_id=178, question_id=45, choice_description=Process of water absorption, is_correct=0), Choice(choice_id=179, question_id=45, choice_description=Process of seed germination, is_correct=0), Choice(choice_id=180, question_id=45, choice_description=Process of leaf shedding, is_correct=0)]), QuestionChoice(questionId=46, description=What is the largest planet in our solar system?, userChoice=181, choiceList=[Choice(choice_id=181, question_id=46, choice_description=Jupiter, is_correct=1), Choice(choice_id=182, question_id=46, choice_description=Saturn, is_correct=0), Choice(choice_id=183, question_id=46, choice_description=Earth, is_correct=0), Choice(choice_id=184, question_id=46, choice_description=Mars, is_correct=0)]), QuestionChoice(questionId=59, description=What is the process of a liquid turning into a gas called?, userChoice=233, choiceList=[Choice(choice_id=233, question_id=59, choice_description=Evaporation, is_correct=1), Choice(choice_id=234, question_id=59, choice_description=Condensation, is_correct=0), Choice(choice_id=235, question_id=59, choice_description=Sublimation, is_correct=0), Choice(choice_id=236, question_id=59, choice_description=Freezing, is_correct=0)])]
2026-03-23 07:28:26,043 INFO  [background-preinit] org.hibernate.validator.internal.util.Version:<clinit>:21 - HV000001: Hibernate Validator 6.2.4.Final
2026-03-23 07:28:26,062 INFO  [main] com.example.quiz_project.QuizProjectApplication:logStarting:55 - Starting QuizProjectApplication v0.0.1-SNAPSHOT using Java 17.0.18 on ip-172-31-26-21 with PID 1355 (/home/ubuntu/QuizPal/target/Quiz_project-0.0.1-SNAPSHOT.jar started by ubuntu in /home/ubuntu/QuizPal)
2026-03-23 07:28:26,063 INFO  [main] com.example.quiz_project.QuizProjectApplication:logStartupProfileInfo:634 - No active profile set, falling back to 1 default profile: "default"
2026-03-23 07:28:27,837 INFO  [main] org.springframework.data.repository.config.RepositoryConfigurationDelegate:registerRepositoriesIn:132 - Bootstrapping Spring Data JDBC repositories in DEFAULT mode.
2026-03-23 07:28:27,859 INFO  [main] org.springframework.data.repository.config.RepositoryConfigurationDelegate:registerRepositoriesIn:201 - Finished Spring Data repository scanning in 16 ms. Found 0 JDBC repository interfaces.
2026-03-23 07:28:28,952 INFO  [main] org.springframework.boot.web.embedded.tomcat.TomcatWebServer:initialize:108 - Tomcat initialized with port(s): 8080 (http)
2026-03-23 07:28:28,968 INFO  [main] org.apache.coyote.http11.Http11NioProtocol:log:173 - Initializing ProtocolHandler ["http-nio-8080"]
2026-03-23 07:28:28,970 INFO  [main] org.apache.catalina.core.StandardService:log:173 - Starting service [Tomcat]
2026-03-23 07:28:28,972 INFO  [main] org.apache.catalina.core.StandardEngine:log:173 - Starting Servlet engine: [Apache Tomcat/9.0.65]
2026-03-23 07:28:29,524 INFO  [main] org.apache.jasper.servlet.TldScanner:log:173 - At least one JAR was scanned for TLDs yet contained no TLDs. Enable debug logging for this logger for a complete list of JARs that were scanned but no TLDs were found in them. Skipping unneeded JARs during scanning can improve startup time and JSP compilation time.
2026-03-23 07:28:29,771 INFO  [main] org.apache.catalina.core.ContainerBase.[Tomcat].[localhost].[/]:log:173 - Initializing Spring embedded WebApplicationContext
2026-03-23 07:28:29,772 INFO  [main] org.springframework.boot.web.servlet.context.ServletWebServerApplicationContext:prepareWebApplicationContext:292 - Root WebApplicationContext: initialization completed in 3546 ms
2026-03-23 07:28:31,824 INFO  [main] org.apache.coyote.http11.Http11NioProtocol:log:173 - Starting ProtocolHandler ["http-nio-8080"]
2026-03-23 07:28:31,874 INFO  [main] org.springframework.boot.web.embedded.tomcat.TomcatWebServer:start:220 - Tomcat started on port(s): 8080 (http) with context path ''
2026-03-23 07:28:31,888 INFO  [main] com.example.quiz_project.QuizProjectApplication:logStarted:61 - Started QuizProjectApplication in 6.969 seconds (JVM running for 7.96)
2026-03-23 07:28:33,781 INFO  [http-nio-8080-exec-1] org.apache.catalina.core.ContainerBase.[Tomcat].[localhost].[/]:log:173 - Initializing Spring DispatcherServlet 'dispatcherServlet'
2026-03-23 07:28:33,781 INFO  [http-nio-8080-exec-1] org.springframework.web.servlet.DispatcherServlet:initServletBean:525 - Initializing Servlet 'dispatcherServlet'
2026-03-23 07:28:33,785 INFO  [http-nio-8080-exec-1] org.springframework.web.servlet.DispatcherServlet:initServletBean:547 - Completed initialization in 4 ms
2026-03-23 07:29:21,766 INFO  [http-nio-8080-exec-9] com.example.quiz_project.controller.QuizController:quizDetails:85 - qclist [QuestionChoice(questionId=11, description=What is 15 + 27?, userChoice=42, choiceList=[Choice(choice_id=41, question_id=11, choice_description=42, is_correct=1), Choice(choice_id=42, question_id=11, choice_description=38, is_correct=0), Choice(choice_id=43, question_id=11, choice_description=45, is_correct=0), Choice(choice_id=44, question_id=11, choice_description=40, is_correct=0)]), QuestionChoice(questionId=30, description=What is the area of a circle with radius 5?, userChoice=118, choiceList=[Choice(choice_id=117, question_id=30, choice_description=78.5, is_correct=1), Choice(choice_id=118, question_id=30, choice_description=25, is_correct=0), Choice(choice_id=119, question_id=30, choice_description=31.4, is_correct=0), Choice(choice_id=120, question_id=30, choice_description=50, is_correct=0)]), QuestionChoice(questionId=32, description=What is the perimeter of a square with side 6?, userChoice=126, choiceList=[Choice(choice_id=125, question_id=32, choice_description=24, is_correct=1), Choice(choice_id=126, question_id=32, choice_description=36, is_correct=0), Choice(choice_id=127, question_id=32, choice_description=18, is_correct=0), Choice(choice_id=128, question_id=32, choice_description=12, is_correct=0)]), QuestionChoice(questionId=39, description=What is 2/5 of 50?, userChoice=155, choiceList=[Choice(choice_id=153, question_id=39, choice_description=20, is_correct=1), Choice(choice_id=154, question_id=39, choice_description=25, is_correct=0), Choice(choice_id=155, question_id=39, choice_description=15, is_correct=0), Choice(choice_id=156, question_id=39, choice_description=10, is_correct=0)]), QuestionChoice(questionId=40, description=What is the median of 2, 4, 6, 8, 10?, userChoice=158, choiceList=[Choice(choice_id=157, question_id=40, choice_description=6, is_correct=1), Choice(choice_id=158, question_id=40, choice_description=4, is_correct=0), Choice(choice_id=159, question_id=40, choice_description=8, is_correct=0), Choice(choice_id=160, question_id=40, choice_description=5, is_correct=0)])]
2026-03-23 07:31:17,439 INFO  [http-nio-8080-exec-2] com.example.quiz_project.controller.AdminQuizController:updateUser:162 - Action: toggle_status for user with ID: 8
2026-03-23 07:36:46,708 INFO  [http-nio-8080-exec-6] org.apache.coyote.http11.Http11Processor:log:175 - The host [_] is not valid
 Note: further occurrences of request parsing errors will be logged at DEBUG level.
java.lang.IllegalArgumentException: null
	at org.apache.tomcat.util.http.parser.Host.parse(Host.java:78)
	at org.apache.tomcat.util.http.parser.Host.parse(Host.java:45)
	at org.apache.coyote.AbstractProcessor.parseHost(AbstractProcessor.java:298)
	at org.apache.coyote.http11.Http11Processor.prepareRequest(Http11Processor.java:793)
	at org.apache.coyote.http11.Http11Processor.service(Http11Processor.java:375)
	at org.apache.coyote.AbstractProcessorLight.process(AbstractProcessorLight.java:65)
	at org.apache.coyote.AbstractProtocol$ConnectionHandler.process(AbstractProtocol.java:890)
	at org.apache.tomcat.util.net.NioEndpoint$SocketProcessor.doRun(NioEndpoint.java:1789)
	at org.apache.tomcat.util.net.SocketProcessorBase.run(SocketProcessorBase.java:49)
	at org.apache.tomcat.util.threads.ThreadPoolExecutor.runWorker(ThreadPoolExecutor.java:1191)
	at org.apache.tomcat.util.threads.ThreadPoolExecutor$Worker.run(ThreadPoolExecutor.java:659)
	at org.apache.tomcat.util.threads.TaskThread$WrappingRunnable.run(TaskThread.java:61)
	at java.base/java.lang.Thread.run(Thread.java:840)
